// Jest Snapshot v1, https://goo.gl/fbAQLP

exports[`CompLogin Test snapshot test 1`] = `
<div class="complogin">
  <h1 align="center">Login</h1>
  <p id="error" align="center"></p>
  <form>
    <div class="row">
      <div class="col1"><label for="email" class="left">E-Mail Adresse</label></div>
      <div class="col2"><input id="email" type="text" name="email" size="30" maxlenght="50" class="right" style="border: 1px solid grey;"></div>
    </div>
    <div class="row">
      <div class="col1"><label for="password" class="left">Passwort</label></div>
      <div class="col2"><input id="pw" type="password" name="password" size="20" maxlenght="50" class="right" style="border: 1px solid grey;"></div>
    </div><input type="submit" name="loginUser" value="Login">
    <div class="row"> Noch kein Kunde? <router-link id="link" to="/register">Hier registrieren</router-link>
    </div>
    <div class="row"> Passwort vergessen? <a id="link">Hier zurücksetzen</a></div>
  </form>
</div>
`;

exports[`CompLogin Test snapshot test 2`] = `
VueWrapper {
  "__app": Object {
    "_component": Object {
      "__emits": Object {},
      "__props": Array [
        Object {},
        Array [],
      ],
      "name": "VTU_ROOT",
      "render": [Function],
    },
    "_container": <div
      data-v-app=""
    >
      <div
        class="complogin"
      >
        <h1
          align="center"
        >
          Login
        </h1>
        <p
          align="center"
          id="error"
        />
        <form>
          <div
            class="row"
          >
            <div
              class="col1"
            >
              <label
                class="left"
                for="email"
              >
                E-Mail Adresse
              </label>
            </div>
            <div
              class="col2"
            >
              <input
                class="right"
                id="email"
                maxlenght="50"
                name="email"
                size="30"
                style="border: 1px solid grey;"
                type="text"
              />
            </div>
          </div>
          <div
            class="row"
          >
            <div
              class="col1"
            >
              <label
                class="left"
                for="password"
              >
                Passwort
              </label>
            </div>
            <div
              class="col2"
            >
              <input
                class="right"
                id="pw"
                maxlenght="50"
                name="password"
                size="20"
                style="border: 1px solid grey;"
                type="password"
              />
            </div>
          </div>
          <input
            name="loginUser"
            type="submit"
            value="Login"
          />
          <div
            class="row"
          >
             Noch kein Kunde? 
            <router-link
              id="link"
              to="/register"
            >
              Hier registrieren
            </router-link>
          </div>
          <div
            class="row"
          >
             Passwort vergessen? 
            <a
              id="link"
            >
              Hier zurücksetzen
            </a>
          </div>
        </form>
      </div>
    </div>,
    "_context": Object {
      "app": [Circular],
      "components": Object {
        "transition": Object {
          "name": "transition",
          "props": Object {},
          "render": [Function],
        },
        "transition-group": Object {
          "name": "transition-group",
          "props": Object {},
          "render": [Function],
        },
      },
      "config": Object {
        "errorHandler": undefined,
        "globalProperties": Object {},
        "isCustomElement": [Function],
        "isNativeTag": [Function],
        "optionMergeStrategies": Object {},
        "performance": false,
        "warnHandler": undefined,
      },
      "directives": Object {},
      "mixins": Array [
        Object {
          "__emits": null,
          "__props": Array [],
          "beforeCreate": [Function],
        },
        Object {
          "__emits": null,
          "__props": Array [],
          "beforeCreate": [Function],
        },
      ],
      "provides": Object {},
      "reload": [Function],
    },
    "_props": null,
    "_uid": 0,
    "component": [Function],
    "config": Object {
      "errorHandler": undefined,
      "globalProperties": Object {},
      "isCustomElement": [Function],
      "isNativeTag": [Function],
      "optionMergeStrategies": Object {},
      "performance": false,
      "warnHandler": undefined,
    },
    "directive": [Function],
    "mixin": [Function],
    "mount": [Function],
    "provide": [Function],
    "unmount": [Function],
    "use": [Function],
    "version": "3.0.5",
  },
  "__setProps": [Function],
  "componentVM": Object {
    "__emitted": Object {},
    "colorEmail": "#ccc",
    "email": "",
    "errormessage": "",
    "loginRequest": Object {
      "email": "",
      "password": "",
    },
    "loginUser": [Function],
    "password": "",
    "toResetPw": [Function],
  },
  "rootVM": Object {
    "__emitted": Object {},
  },
}
`;
